
=== All DPU counts (n=359553 configs, num_dpus 1-1984) ===
     key                        name  rel_rmse   rmse_ms        r2
     mlp             MLP (log-space)  0.146352  3.903315  0.863918
pairwise           pairwise products  0.341238  3.061255  0.916299
   lasso            LASSO (pairwise)  0.345705  3.971129  0.859148
   total total (product of all dims)  0.455540  3.408089  0.896258
  linear           linear (all dims)  0.587011 10.575885  0.000997
simplest                   dpu, size  0.628751 10.650656 -0.013179

=== LASSO term selection (alpha=6.144e-05, 7/7 terms kept) ===
  num_dpus                    0.000200028
  blocks_per_dpu              0.000311834
  block_size                  5.32377e-06
  num_dpus*blocks_per_dpu     6.41288e-06
  num_dpus*block_size          2.3695e-08
  blocks_per_dpu*block_size    2.46064e-06
  num_dpus*blocks_per_dpu*block_size    5.26499e-08

=== MLP (log-space) ===
  converged in 165 iterations, final loss=0.01046
MLP weights written to plots/sg/mlp_weights.npz

=== block_size <= 1023 && num_dpus <= 16 (n=31968 configs, num_dpus 1-16) ===
  key             name  rel_rmse  rmse_ms       r2
lasso LASSO (pairwise)  0.125981 0.054503 0.946153

=== block_size <= 1023 && 16 < num_dpus && num_dpus <= 24 (n=15984 configs, num_dpus 17-24) ===
  key             name  rel_rmse  rmse_ms       r2
lasso LASSO (pairwise)  0.156741 0.123499 0.941772

=== block_size <= 1023 && 24 < num_dpus && num_dpus <= 64 (n=47958 configs, num_dpus 25-64) ===
  key             name  rel_rmse  rmse_ms       r2
lasso LASSO (pairwise)  0.173831 0.284741 0.916158

=== block_size <= 1023 && 64 < num_dpus && num_dpus <= 128 (n=31974 configs, num_dpus 68-128) ===
  key             name  rel_rmse  rmse_ms      r2
lasso LASSO (pairwise)  0.154901 0.524276 0.90906

=== block_size <= 1023 && 128 < num_dpus && num_dpus <= 256 (n=31980 configs, num_dpus 136-256) ===
  key             name  rel_rmse  rmse_ms       r2
lasso LASSO (pairwise)  0.165804 0.706316 0.890494

=== block_size <= 1023 && 256 < num_dpus && num_dpus <= 384 (n=15996 configs, num_dpus 272-384) ===
  key             name  rel_rmse  rmse_ms       r2
lasso LASSO (pairwise)  0.198921 0.918561 0.860317

=== block_size <= 1023 && num_dpus > 384 (n=78072 configs, num_dpus 400-1984) ===
  key             name  rel_rmse  rmse_ms       r2
lasso LASSO (pairwise)  0.249565 2.148662 0.860433

=== block_size > 1023 && num_dpus <= 16 (n=13248 configs, num_dpus 1-16) ===
  key             name  rel_rmse  rmse_ms      r2
lasso LASSO (pairwise)  0.142673 0.024322 0.87502

=== block_size > 1023 && 16 < num_dpus && num_dpus <= 24 (n=6624 configs, num_dpus 17-24) ===
  key             name  rel_rmse  rmse_ms       r2
lasso LASSO (pairwise)  0.109847 0.023806 0.963096

=== block_size > 1023 && 24 < num_dpus && num_dpus <= 64 (n=19887 configs, num_dpus 25-64) ===
  key             name  rel_rmse  rmse_ms       r2
lasso LASSO (pairwise)   0.13784 0.991827 0.611851

=== block_size > 1023 && 64 < num_dpus && num_dpus <= 128 (n=13263 configs, num_dpus 68-128) ===
  key             name  rel_rmse  rmse_ms       r2
lasso LASSO (pairwise)  0.109688 2.503749 0.587736

=== block_size > 1023 && 128 < num_dpus && num_dpus <= 256 (n=13278 configs, num_dpus 136-256) ===
  key             name  rel_rmse  rmse_ms      r2
lasso LASSO (pairwise)  0.131695 3.975098 0.58047

=== block_size > 1023 && 256 < num_dpus && num_dpus <= 384 (n=6654 configs, num_dpus 272-384) ===
  key             name  rel_rmse  rmse_ms       r2
lasso LASSO (pairwise)  0.219993 6.193652 0.563853

=== block_size > 1023 && num_dpus > 384 (n=32667 configs, num_dpus 400-1984) ===
  key             name  rel_rmse   rmse_ms       r2
lasso LASSO (pairwise)  0.280332 10.688061 0.893113

=== hybrid ===
  relRMSE = 19.33%   RMSE = 3.473 ms   R² = 0.8923

Best fit: MLP (log-space) (key=mlp)
  relRMSE = 14.64%   RMSE = 3.903 ms   R² = 0.8639
// Includes needed by the function body below:
#ifndef MLPACK_NO_STD_COUT_PRINT
#define MLPACK_NO_STD_COUT_PRINT
#endif
#include <mlpack.hpp>
#include <cmath>  // std::log2, std::exp

double scatterSgCostMs(int num_dpus, int block_size, int blocks_per_dpu) {
  using MlpNet = mlpack::FFN<mlpack::MeanSquaredError, mlpack::RandomInitialization>;
  thread_local static MlpNet net = [] {
    MlpNet n;
    n.Add<mlpack::Linear>(16);
    n.Add<mlpack::ReLU>();
    n.Add<mlpack::Linear>(16);
    n.Add<mlpack::ReLU>();
    n.Add<mlpack::Linear>(1);

    arma::mat dummyIn(4, 1, arma::fill::zeros), dummyOut;
    n.Predict(dummyIn, dummyOut);  // force weight/bias allocation

    auto *l0 = dynamic_cast<mlpack::Linear<arma::mat> *>(n.Network()[0]);
    l0->Weight() = arma::mat({
      {0.025074534, -1.3660924, 0.0496357, -0.80164604},
      {0.27197823, 0.56110605, 0.013749337, -0.043011776},
      {-0.014754834, 0.17623981, -0.84813928, -0.024836722},
      {0.079586717, 0.66671926, -0.028318293, 0.25337695},
      {-0.1943974, 0.90004498, 0.010550693, 0.5565612},
      {-0.01287187, 0.86306647, -0.016514569, -0.028302328},
      {-0.39786444, -0.4802173, 0.36199457, -0.92933524},
      {0.15137468, 0.78497315, 0.34463633, -0.13241758},
      {0.25807019, -0.54582637, 0.016415164, 0.076984926},
      {-0.048415708, -0.18117478, -0.18412038, -0.83425133},
      {0.14478599, -0.92202855, -0.023348755, -0.20432537},
      {0.65333319, 0.3356685, -0.48481948, -0.2659212},
      {0.3249251, 0.07669287, 0.32062765, -0.05450372},
      {1.0639553, 0.092946943, 0.010050479, -0.11404348},
      {-0.18843392, -0.16699925, -0.45801482, 0.29268167},
      {-0.73458935, 0.018699339, -0.02974539, -0.72350356}
    });
    l0->Bias() = arma::mat({-0.62260708, 0.49767765, 0.57383246, 0.068859659, 0.65266879, 0.19899115, 0.7096754, 0.47131254, 0.85586906, 0.19507298, -0.024620251, -0.16681573, -0.029995439, -0.66673884, -0.24236007, -0.26299014});
    auto *l1 = dynamic_cast<mlpack::Linear<arma::mat> *>(n.Network()[2]);
    l1->Weight() = arma::mat({
      {0.30341687, 0.031830101, 0.13289212, 0.43288162, 0.17026929, 0.633902, 0.089888965, -0.45393565, 0.32277836, -0.23545189, 0.5263413, -0.039550096, 0.083396301, -0.0088288133, -0.040538512, -0.040137884},
      {-0.11153297, -1.3238112, -0.020192464, -0.20852787, -0.33374454, -1.7684111, 0.51217875, -0.12399516, 0.23426474, 0.50764673, -0.18132903, -0.61226937, 0.25813329, -1.2861287, 0.4798914, -0.33032214},
      {0.42342902, 0.023995534, 0.50345611, 0.39631897, -0.90247924, 0.58628258, 0.28915121, -0.2555658, 0.56653329, 0.1578877, -0.1032806, 0.29271756, -0.45713366, -1.578137, 0.22661764, 0.063521764},
      {-2.6306136, -0.39721616, -0.10870259, -0.32065186, 0.49497015, -0.34541642, -0.033838927, 0.50126295, -0.10243136, -1.0580526, -0.51654802, -0.10339355, 0.88624673, -0.092606795, -0.078470253, -0.38597566},
      {0.38731306, 0.054008784, 0.34945559, -0.07201833, 0.071882436, 0.86929456, -0.10859263, -0.41673621, 0.3211796, 0.38719801, 0.30515658, -0.25721854, 0.43853873, 0.17884003, 0.34544435, -0.07564723},
      {1.8507144, -0.62963828, -0.21541756, -0.067362424, 0.25037413, 0.81277091, 0.32095669, -0.52816508, -0.16505426, 0.4172087, 0.35003859, 0.0092057483, 0.32859302, 0.32194122, -0.22920455, 0.42126157},
      {1.1676476, -0.74861445, 0.55689572, -1.1260391, -0.77360442, 0.039901045, 0.34059509, -0.73692312, -0.15071256, 0.052080183, 0.36188384, -0.46638516, 0.43385089, 0.29890909, -0.10489111, -0.12251467},
      {-0.74443237, 0.49612746, 0.48392843, -0.15624229, 0.43203566, -0.56716159, 0.2011699, 0.24873832, 0.30154377, 0.11451507, -0.11301872, 0.4265877, 0.28007455, -0.12910381, -0.33413233, 0.24756098},
      {-0.65085335, -0.55403679, 0.1534447, 0.20240647, -0.35663441, 0.27616128, 0.53743868, -0.17357461, 0.089492957, 0.050742469, -0.24624062, -0.10382019, 0.096799566, -3.8047729, -0.20924164, -0.03192108},
      {-0.39419134, 0.15912497, 0.34101939, -0.18818352, 0.29206833, -0.64430754, 0.24453629, 0.47867508, -0.23016025, -0.25085542, -0.36189431, 0.21590731, 0.29598587, 0.46749744, -0.38420139, -0.27598319},
      {3.3760516, -0.61431888, -0.67385659, 0.013657825, -1.6131749, -0.049120996, 0.39297767, -0.63035893, -0.075071658, 0.24842645, 0.16161967, 0.084923831, 0.40014968, -0.040833872, -1.1010628, 0.12697492},
      {0.46849273, -0.015272722, 0.14186861, 0.24422346, 0.17957635, 0.17267452, 0.18641175, -0.40739129, 0.48410263, -0.067365258, 0.47396715, 0.037041632, -0.28482227, 0.31181392, -0.060973708, 0.38068681},
      {-1.4741903, 0.07085689, 0.23159857, -0.040197172, 0.58072775, -0.5244815, 0.14942305, -0.14994531, -0.091336008, -0.35230935, -0.28416307, -0.60288277, 0.2586417, 0.13809062, -0.37434115, -0.77562252},
      {0.42529346, 0.17795243, -0.017492434, 0.17102898, -0.33057777, -0.45430903, -0.12986155, -0.70563562, 0.65801747, -0.036532462, 0.28078451, -0.20245734, -0.14403364, 0.3559063, -0.057571095, 0.3153096},
      {-1.9046838, 0.12605346, -0.37585761, -0.66277563, 0.28695678, -0.29067896, -0.23838698, 0.36328851, -0.33772759, -0.57358912, -0.051665308, 0.53771203, 0.84381969, -0.071872031, 0.47236941, 0.42754198},
      {0.49729146, 0.077576562, -0.26454335, 0.97018596, -0.79530043, 0.46115043, 0.015372984, -0.40849344, 0.59177598, 0.36846123, 0.18291451, 0.40082385, 0.20946223, 0.061855212, 0.11850271, 0.38726979}
    });
    l1->Bias() = arma::mat({0.060355519, -0.14168071, 0.28074936, 0.10838308, 0.09267046, -0.1729457, 0.15455297, -0.20118232, 0.45094724, -0.18041964, -0.080528483, 0.025015271, 0.10907544, 0.53678117, 0.061627474, -0.294502});
    auto *l2 = dynamic_cast<mlpack::Linear<arma::mat> *>(n.Network()[4]);
    l2->Weight() = arma::mat({
      {-0.22227339, -0.45247326, -0.49844318, 1.0813984, -0.47637896, -1.0122448, -0.69416528, 0.82620058, -0.7552912, 0.86410142, -2.5121975, -0.21957502, 0.83667198, -0.29040514, 1.7446593, -0.93623322}
    });
    l2->Bias() = arma::mat({0.34317554});
    return n;
  }();

  constexpr double featMean[4] = {6.9587272, 121.92275, 8.6938322, 47104.265};
  constexpr double featStd[4] = {2.4878709, 326.2347, 2.2208759, 219825.96};
  arma::mat x(4, 1);
  x(0, 0) = (std::log2(static_cast<double>(num_dpus)) - featMean[0]) / featStd[0];
  x(1, 0) = (static_cast<double>(blocks_per_dpu) - featMean[1]) / featStd[1];
  x(2, 0) = (std::log2(static_cast<double>(block_size)) - featMean[2]) / featStd[2];
  x(3, 0) = (static_cast<double>(num_dpus) * static_cast<double>(blocks_per_dpu) - featMean[3]) / featStd[3];

  arma::mat out;
  net.Predict(x, out);
  return std::exp(out(0, 0));  // undo fit_mlp's log-space target
}

Plots written to plots/sg/
