
=== All DPU counts (n=14097 configs, num_dpus 1-1984) ===
     key                        name  rel_rmse  rmse_ms       r2
pairwise           pairwise products  0.226272 0.048639 0.863477
   lasso            LASSO (pairwise)  0.248192 0.050849 0.850785
simplest                   dpu, size  0.252421 0.055171 0.824344
  linear           linear (all dims)  0.252421 0.055171 0.824344
   total total (product of all dims)  0.414885 0.111321 0.284850

=== LASSO term selection (alpha=0.001479, 3/3 terms kept) ===
  num_dpus                    0.000206695
  block_size                  6.61734e-06
  num_dpus*block_size         1.22424e-08

=== block_size <= 1023 && num_dpus <= 16 (n=1008 configs, num_dpus 1-16) ===
  key             name  rel_rmse  rmse_ms       r2
lasso LASSO (pairwise)  0.089825 0.004193 0.003094

=== block_size <= 1023 && 16 < num_dpus && num_dpus <= 24 (n=504 configs, num_dpus 17-24) ===
  key             name  rel_rmse  rmse_ms       r2
lasso LASSO (pairwise)  0.046003 0.002236 0.829839

=== block_size <= 1023 && 24 < num_dpus && num_dpus <= 64 (n=1512 configs, num_dpus 25-64) ===
  key             name  rel_rmse  rmse_ms       r2
lasso LASSO (pairwise)   0.05085 0.002826 0.950753

=== block_size <= 1023 && 64 < num_dpus && num_dpus <= 128 (n=1008 configs, num_dpus 68-128) ===
  key             name  rel_rmse  rmse_ms       r2
lasso LASSO (pairwise)  0.034271 0.004046 0.971078

=== block_size <= 1023 && 128 < num_dpus && num_dpus <= 256 (n=1008 configs, num_dpus 136-256) ===
  key             name  rel_rmse  rmse_ms       r2
lasso LASSO (pairwise)  0.081203 0.008769 0.892861

=== block_size <= 1023 && 256 < num_dpus && num_dpus <= 384 (n=504 configs, num_dpus 272-384) ===
  key             name  rel_rmse  rmse_ms       r2
lasso LASSO (pairwise)   0.05774 0.006924 0.934114

=== block_size <= 1023 && num_dpus > 384 (n=2457 configs, num_dpus 400-1984) ===
  key             name  rel_rmse  rmse_ms      r2
lasso LASSO (pairwise)  0.117441 0.025547 0.89791

=== block_size > 1023 && num_dpus <= 16 (n=768 configs, num_dpus 1-16) ===
  key             name  rel_rmse  rmse_ms       r2
lasso LASSO (pairwise)  0.058069 0.003005 0.857412

=== block_size > 1023 && 16 < num_dpus && num_dpus <= 24 (n=384 configs, num_dpus 17-24) ===
  key             name  rel_rmse  rmse_ms       r2
lasso LASSO (pairwise)  0.084274 0.006323 0.651809

=== block_size > 1023 && 24 < num_dpus && num_dpus <= 64 (n=1152 configs, num_dpus 25-64) ===
  key             name  rel_rmse  rmse_ms      r2
lasso LASSO (pairwise)  0.112305 0.010157 0.67365

=== block_size > 1023 && 64 < num_dpus && num_dpus <= 128 (n=768 configs, num_dpus 68-128) ===
  key             name  rel_rmse  rmse_ms       r2
lasso LASSO (pairwise)  0.056634 0.008923 0.821583

=== block_size > 1023 && 128 < num_dpus && num_dpus <= 256 (n=768 configs, num_dpus 136-256) ===
  key             name  rel_rmse  rmse_ms     r2
lasso LASSO (pairwise)  0.084705 0.013508 0.6976

=== block_size > 1023 && 256 < num_dpus && num_dpus <= 384 (n=384 configs, num_dpus 272-384) ===
  key             name  rel_rmse  rmse_ms       r2
lasso LASSO (pairwise)  0.071622 0.013515 0.716545

=== block_size > 1023 && num_dpus > 384 (n=1872 configs, num_dpus 400-1984) ===
  key             name  rel_rmse  rmse_ms       r2
lasso LASSO (pairwise)  0.104105 0.041075 0.884302

=== hybrid ===
  relRMSE = 8.49%   RMSE = 0.01927 ms   R² = 0.9786

Best fit: hybrid (key=hybrid)
  relRMSE = 8.49%   RMSE = 0.01927 ms   R² = 0.9786
constexpr double lut[][4] = {
  // region 0: block_size <= 1023 && num_dpus <= 16
  {0.04018256, 7.154787e-06, -2.57003e-06, 8.237539e-07},
  // region 1: block_size <= 1023 && 16 < num_dpus && num_dpus <= 24
  {0.03947346, -9.484955e-06, 2.49846e-05, -4.039122e-07},
  // region 2: block_size <= 1023 && 24 < num_dpus && num_dpus <= 64
  {0.04030072, -3.084114e-06, -1.588609e-07, 9.483131e-07},
  // region 3: block_size <= 1023 && 64 < num_dpus && num_dpus <= 128
  {0.06664811, 7.200772e-05, 2.824022e-05, 5.923625e-07},
  // region 4: block_size <= 1023 && 128 < num_dpus && num_dpus <= 256
  {0.06427361, 6.260863e-05, 2.997328e-05, 3.21719e-07},
  // region 5: block_size <= 1023 && 256 < num_dpus && num_dpus <= 384
  {0.07916499, 3.30873e-05, -6.454341e-06, 3.124352e-07},
  // region 6: block_size <= 1023 && num_dpus > 384
  {0.1044161, 0.0001026405, 6.965716e-05, 1.097415e-07},
  // region 7: block_size > 1023 && num_dpus <= 16
  {0.03701739, 0.0007005197, 3.604676e-06, -1.600848e-08},
  // region 8: block_size > 1023 && 16 < num_dpus && num_dpus <= 24
  {0.07367488, -0.0007140537, 2.125766e-06, 1.037931e-07},
  // region 9: block_size > 1023 && 24 < num_dpus && num_dpus <= 64
  {0.0658909, 5.421219e-05, -1.996661e-06, 1.861172e-07},
  // region 10: block_size > 1023 && 64 < num_dpus && num_dpus <= 128
  {0.110615, 0.0001409385, 9.658602e-06, -1.938754e-09},
  // region 11: block_size > 1023 && 128 < num_dpus && num_dpus <= 256
  {0.09133056, 0.0001848113, 6.367886e-06, 1.553446e-08},
  // region 12: block_size > 1023 && 256 < num_dpus && num_dpus <= 384
  {0.07581038, 0.0002172709, 5.601303e-06, 1.301196e-08},
  // region 13: block_size > 1023 && num_dpus > 384
  {0.1823489, 0.0001274649, -3.115413e-06, 2.54071e-08},
};
int ix;
if (block_size <= 1023 && num_dpus <= 16) ix = 0;
else if (block_size <= 1023 && 16 < num_dpus && num_dpus <= 24) ix = 1;
else if (block_size <= 1023 && 24 < num_dpus && num_dpus <= 64) ix = 2;
else if (block_size <= 1023 && 64 < num_dpus && num_dpus <= 128) ix = 3;
else if (block_size <= 1023 && 128 < num_dpus && num_dpus <= 256) ix = 4;
else if (block_size <= 1023 && 256 < num_dpus && num_dpus <= 384) ix = 5;
else if (block_size <= 1023 && num_dpus > 384) ix = 6;
else if (block_size > 1023 && num_dpus <= 16) ix = 7;
else if (block_size > 1023 && 16 < num_dpus && num_dpus <= 24) ix = 8;
else if (block_size > 1023 && 24 < num_dpus && num_dpus <= 64) ix = 9;
else if (block_size > 1023 && 64 < num_dpus && num_dpus <= 128) ix = 10;
else if (block_size > 1023 && 128 < num_dpus && num_dpus <= 256) ix = 11;
else if (block_size > 1023 && 256 < num_dpus && num_dpus <= 384) ix = 12;
else if (block_size > 1023 && num_dpus > 384) ix = 13;
else assert(false);
return lut[ix][0] + 
num_dpus * lut[ix][1] + block_size * lut[ix][2] + num_dpus*block_size * lut[ix][3];

Plots written to plots/broadcast/
